main.c:96:6:HAL_UART_RxCpltCallback	16	static
main.c:104:7:PID	64	static
main.c:125:6:HAL_TIM_PeriodElapsedCallback	24	static
main.c:157:5:main	8	static
main.c:222:6:SystemClock_Config	88	static
main.c:267:13:MX_I2C1_Init	8	static
main.c:301:13:MX_SPI1_Init	8	static
main.c:339:13:MX_TIM2_Init	64	static
main.c:398:13:MX_TIM7_Init	16	static
main.c:436:13:MX_USART3_UART_Init	8	static
main.c:469:13:MX_USB_OTG_FS_PCD_Init	8	static
main.c:504:13:MX_GPIO_Init	56	static
main.c:568:6:Error_Handler	4	static,ignoring_inline_asm
